// Jest Snapshot v1, https://goo.gl/fbAQLP

exports[`ReceiveCallModal Match Snapshot 1`] = `null`;
