// Jest Snapshot v1, https://goo.gl/fbAQLP

exports[`RecorderModal Match Snapshot 1`] = `null`;
