// Jest Snapshot v1, https://goo.gl/fbAQLP

exports[`DeviceSettingModal Match Snapshot 1`] = `null`;
