// Jest Snapshot v1, https://goo.gl/fbAQLP

exports[`Box Match Snapshot 1`] = `
Array [
  <nav
    aria-label="breadcrumb"
    className="MuiTypography-root MuiTypography-body1 MuiBreadcrumbs-root css-1kynpjt css-63vwl1-MuiTypography-root-MuiBreadcrumbs-root"
  >
    <ol
      className="MuiBreadcrumbs-ol css-4pdmu4-MuiBreadcrumbs-ol"
    >
      <li
        className="MuiBreadcrumbs-li"
      >
        <a
          href="/"
          onClick={[Function]}
          onMouseEnter={[Function]}
          onTouchStart={[Function]}
        >
          TOP
        </a>
      </li>
      <li
        aria-hidden={true}
        className="MuiBreadcrumbs-separator css-1wuw8dw-MuiBreadcrumbs-separator"
      >
        /
      </li>
      <li
        className="MuiBreadcrumbs-li"
      >
        <span
          className="MuiTypography-root MuiTypography-body1 css-ahj2mt-MuiTypography-root"
        >
          sample
        </span>
      </li>
    </ol>
  </nav>,
  <div
    className="css-heco0o MuiBox-root css-0"
  >
    <div
      className="MuiTypography-root MuiTypography-body1 css-13emhng css-vkc4v8-MuiTypography-root"
    >
      sample
    </div>
  </div>,
]
`;
