// Jest Snapshot v1, https://goo.gl/fbAQLP

exports[`ProfileEditModal Match Snapshot 1`] = `null`;
