// Jest Snapshot v1, https://goo.gl/fbAQLP

exports[`VideoTemplate Match Snapshot 1`] = `null`;
