// Jest Snapshot v1, https://goo.gl/fbAQLP

exports[`RoomRegistModal Match Snapshot 1`] = `null`;
