// Jest Snapshot v1, https://goo.gl/fbAQLP

exports[`InputFormRoom Match Snapshot 1`] = `null`;
