// Jest Snapshot v1, https://goo.gl/fbAQLP

exports[`ErrorTemplate Match Snapshot 1`] = `null`;
