// Jest Snapshot v1, https://goo.gl/fbAQLP

exports[`InputFormTemplate Match Snapshot 1`] = `null`;
