// Jest Snapshot v1, https://goo.gl/fbAQLP

exports[`SendCallModal Match Snapshot 1`] = `null`;
