// Jest Snapshot v1, https://goo.gl/fbAQLP

exports[`Logo Match Snapshot 1`] = `
<div
  className="MuiTypography-root MuiTypography-h6"
>
  sample
</div>
`;
